// Jest Snapshot v1, https://goo.gl/fbAQLP

exports[`AddDoc component renders AddDoc 1`] = `
<form
  onSubmit={[Function]}
>
  <input
    name="title"
    onChange={[Function]}
    placeholder="title"
    type="text"
    value=""
  />
  <button>
    Add Document
  </button>
</form>
`;
