// Jest Snapshot v1, https://goo.gl/fbAQLP

exports[`Documents component renders Documents 1`] = `<ul />`;
