// Jest Snapshot v1, https://goo.gl/fbAQLP

exports[`Document component renders Document 1`] = `
<Fragment>
  <div
    className="Document"
  >
    <Editor
      handleChange={[Function]}
      markdown=""
    />
    <Preview
      markdown=""
    />
  </div>
</Fragment>
`;
