// Jest Snapshot v1, https://goo.gl/fbAQLP

exports[`Preview component renders Preview 1`] = `
<div
  className="markdown-body"
  dangerouslySetInnerHTML={
    Object {
      "__html": "<p>u</p>
",
    }
  }
/>
`;
